2026-06-08 06:24:16,841 - database.db - INFO - Database initialized at osint_bot.db
2026-06-08 06:24:16,841 - __main__ - INFO - Database initialized
2026-06-08 06:24:16,853 - __main__ - INFO - OSINT Bot started successfully
2026-06-08 06:24:20,299 - httpx - INFO - HTTP Request: POST https://api.telegram.org/bot8853331928:AAHvyA3cq722aAJpK6-q6Ei_x7-L6CclChc/getMe "HTTP/1.1 200 OK"
2026-06-08 06:24:20,493 - httpx - INFO - HTTP Request: POST https://api.telegram.org/bot8853331928:AAHvyA3cq722aAJpK6-q6Ei_x7-L6CclChc/deleteWebhook "HTTP/1.1 200 OK"
2026-06-08 06:24:20,494 - telegram.ext.Application - INFO - Application started
2026-06-08 06:24:31,065 - httpx - INFO - HTTP Request: POST https://api.telegram.org/bot8853331928:AAHvyA3cq722aAJpK6-q6Ei_x7-L6CclChc/getUpdates "HTTP/1.1 200 OK"
2026-06-08 06:24:41,257 - httpx - INFO - HTTP Request: POST https://api.telegram.org/bot8853331928:AAHvyA3cq722aAJpK6-q6Ei_x7-L6CclChc/getUpdates "HTTP/1.1 200 OK"
2026-06-08 06:24:51,944 - httpx - INFO - HTTP Request: POST https://api.telegram.org/bot8853331928:AAHvyA3cq722aAJpK6-q6Ei_x7-L6CclChc/getUpdates "HTTP/1.1 200 OK"
2026-06-08 06:25:02,137 - httpx - INFO - HTTP Request: POST https://api.telegram.org/bot8853331928:AAHvyA3cq722aAJpK6-q6Ei_x7-L6CclChc/getUpdates "HTTP/1.1 200 OK"
2026-06-08 06:25:12,330 - httpx - INFO - HTTP Request: POST https://api.telegram.org/bot8853331928:AAHvyA3cq722aAJpK6-q6Ei_x7-L6CclChc/getUpdates "HTTP/1.1 200 OK"
2026-06-08 06:25:22,521 - httpx - INFO - HTTP Request: POST https://api.telegram.org/bot8853331928:AAHvyA3cq722aAJpK6-q6Ei_x7-L6CclChc/getUpdates "HTTP/1.1 200 OK"
2026-06-08 06:25:32,712 - httpx - INFO - HTTP Request: POST https://api.telegram.org/bot8853331928:AAHvyA3cq722aAJpK6-q6Ei_x7-L6CclChc/getUpdates "HTTP/1.1 200 OK"
2026-06-08 06:25:42,904 - httpx - INFO - HTTP Request: POST https://api.telegram.org/bot8853331928:AAHvyA3cq722aAJpK6-q6Ei_x7-L6CclChc/getUpdates "HTTP/1.1 200 OK"
2026-06-08 06:25:53,096 - httpx - INFO - HTTP Request: POST https://api.telegram.org/bot8853331928:AAHvyA3cq722aAJpK6-q6Ei_x7-L6CclChc/getUpdates "HTTP/1.1 200 OK"
2026-06-08 06:25:58,758 - httpx - INFO - HTTP Request: POST https://api.telegram.org/bot8853331928:AAHvyA3cq722aAJpK6-q6Ei_x7-L6CclChc/getUpdates "HTTP/1.1 200 OK"
2026-06-08 06:25:59,352 - httpx - INFO - HTTP Request: POST https://api.telegram.org/bot8853331928:AAHvyA3cq722aAJpK6-q6Ei_x7-L6CclChc/sendMessage "HTTP/1.1 200 OK"
2026-06-08 06:26:08,950 - httpx - INFO - HTTP Request: POST https://api.telegram.org/bot8853331928:AAHvyA3cq722aAJpK6-q6Ei_x7-L6CclChc/getUpdates "HTTP/1.1 200 OK"
2026-06-08 06:26:14,122 - httpx - INFO - HTTP Request: POST https://api.telegram.org/bot8853331928:AAHvyA3cq722aAJpK6-q6Ei_x7-L6CclChc/getUpdates "HTTP/1.1 200 OK"
2026-06-08 06:26:14,749 - httpx - INFO - HTTP Request: POST https://api.telegram.org/bot8853331928:AAHvyA3cq722aAJpK6-q6Ei_x7-L6CclChc/sendMessage "HTTP/1.1 200 OK"
2026-06-08 06:26:24,314 - httpx - INFO - HTTP Request: POST https://api.telegram.org/bot8853331928:AAHvyA3cq722aAJpK6-q6Ei_x7-L6CclChc/getUpdates "HTTP/1.1 200 OK"
2026-06-08 06:26:34,506 - httpx - INFO - HTTP Request: POST https://api.telegram.org/bot8853331928:AAHvyA3cq722aAJpK6-q6Ei_x7-L6CclChc/getUpdates "HTTP/1.1 200 OK"
2026-06-08 06:26:44,697 - httpx - INFO - HTTP Request: POST https://api.telegram.org/bot8853331928:AAHvyA3cq722aAJpK6-q6Ei_x7-L6CclChc/getUpdates "HTTP/1.1 200 OK"
2026-06-08 06:26:54,888 - httpx - INFO - HTTP Request: POST https://api.telegram.org/bot8853331928:AAHvyA3cq722aAJpK6-q6Ei_x7-L6CclChc/getUpdates "HTTP/1.1 200 OK"
2026-06-08 06:26:57,093 - httpx - INFO - HTTP Request: POST https://api.telegram.org/bot8853331928:AAHvyA3cq722aAJpK6-q6Ei_x7-L6CclChc/getUpdates "HTTP/1.1 200 OK"
2026-06-08 06:26:57,730 - httpx - INFO - HTTP Request: POST https://api.telegram.org/bot8853331928:AAHvyA3cq722aAJpK6-q6Ei_x7-L6CclChc/sendMessage "HTTP/1.1 200 OK"
2026-06-08 06:27:07,310 - httpx - INFO - HTTP Request: POST https://api.telegram.org/bot8853331928:AAHvyA3cq722aAJpK6-q6Ei_x7-L6CclChc/getUpdates "HTTP/1.1 200 OK"
2026-06-08 06:27:17,502 - httpx - INFO - HTTP Request: POST https://api.telegram.org/bot8853331928:AAHvyA3cq722aAJpK6-q6Ei_x7-L6CclChc/getUpdates "HTTP/1.1 200 OK"
2026-06-08 06:27:27,693 - httpx - INFO - HTTP Request: POST https://api.telegram.org/bot8853331928:AAHvyA3cq722aAJpK6-q6Ei_x7-L6CclChc/getUpdates "HTTP/1.1 200 OK"
2026-06-08 06:27:30,434 - httpx - INFO - HTTP Request: POST https://api.telegram.org/bot8853331928:AAHvyA3cq722aAJpK6-q6Ei_x7-L6CclChc/getUpdates "HTTP/1.1 200 OK"
2026-06-08 06:27:31,090 - httpx - INFO - HTTP Request: POST https://api.telegram.org/bot8853331928:AAHvyA3cq722aAJpK6-q6Ei_x7-L6CclChc/sendMessage "HTTP/1.1 200 OK"
2026-06-08 06:27:31,910 - handlers.email_handler - WARNING - holehe not available or failed: [Errno 2] No such file or directory: 'holehe'
2026-06-08 06:27:32,139 - httpx - INFO - HTTP Request: POST https://api.telegram.org/bot8853331928:AAHvyA3cq722aAJpK6-q6Ei_x7-L6CclChc/editMessageText "HTTP/1.1 200 OK"
2026-06-08 06:27:40,669 - httpx - INFO - HTTP Request: POST https://api.telegram.org/bot8853331928:AAHvyA3cq722aAJpK6-q6Ei_x7-L6CclChc/getUpdates "HTTP/1.1 200 OK"
2026-06-08 06:27:50,857 - httpx - INFO - HTTP Request: POST https://api.telegram.org/bot8853331928:AAHvyA3cq722aAJpK6-q6Ei_x7-L6CclChc/getUpdates "HTTP/1.1 200 OK"
2026-06-08 06:27:54,086 - httpx - INFO - HTTP Request: POST https://api.telegram.org/bot8853331928:AAHvyA3cq722aAJpK6-q6Ei_x7-L6CclChc/getUpdates "HTTP/1.1 200 OK"
2026-06-08 06:27:54,680 - httpx - INFO - HTTP Request: POST https://api.telegram.org/bot8853331928:AAHvyA3cq722aAJpK6-q6Ei_x7-L6CclChc/sendMessage "HTTP/1.1 200 OK"
2026-06-08 06:27:55,896 - httpx - INFO - HTTP Request: POST https://api.telegram.org/bot8853331928:AAHvyA3cq722aAJpK6-q6Ei_x7-L6CclChc/editMessageText "HTTP/1.1 200 OK"
2026-06-08 06:28:04,282 - httpx - INFO - HTTP Request: POST https://api.telegram.org/bot8853331928:AAHvyA3cq722aAJpK6-q6Ei_x7-L6CclChc/getUpdates "HTTP/1.1 200 OK"
2026-06-08 06:28:14,024 - httpx - INFO - HTTP Request: POST https://api.telegram.org/bot8853331928:AAHvyA3cq722aAJpK6-q6Ei_x7-L6CclChc/getUpdates "HTTP/1.1 200 OK"
2026-06-08 06:28:14,638 - httpx - INFO - HTTP Request: POST https://api.telegram.org/bot8853331928:AAHvyA3cq722aAJpK6-q6Ei_x7-L6CclChc/sendMessage "HTTP/1.1 200 OK"
2026-06-08 06:28:15,537 - httpx - INFO - HTTP Request: POST https://api.telegram.org/bot8853331928:AAHvyA3cq722aAJpK6-q6Ei_x7-L6CclChc/editMessageText "HTTP/1.1 200 OK"
2026-06-08 06:28:24,220 - httpx - INFO - HTTP Request: POST https://api.telegram.org/bot8853331928:AAHvyA3cq722aAJpK6-q6Ei_x7-L6CclChc/getUpdates "HTTP/1.1 200 OK"
2026-06-08 06:28:34,410 - httpx - INFO - HTTP Request: POST https://api.telegram.org/bot8853331928:AAHvyA3cq722aAJpK6-q6Ei_x7-L6CclChc/getUpdates "HTTP/1.1 200 OK"
2026-06-08 06:28:44,597 - httpx - INFO - HTTP Request: POST https://api.telegram.org/bot8853331928:AAHvyA3cq722aAJpK6-q6Ei_x7-L6CclChc/getUpdates "HTTP/1.1 200 OK"
2026-06-08 06:28:54,788 - httpx - INFO - HTTP Request: POST https://api.telegram.org/bot8853331928:AAHvyA3cq722aAJpK6-q6Ei_x7-L6CclChc/getUpdates "HTTP/1.1 200 OK"
2026-06-08 06:29:04,977 - httpx - INFO - HTTP Request: POST https://api.telegram.org/bot8853331928:AAHvyA3cq722aAJpK6-q6Ei_x7-L6CclChc/getUpdates "HTTP/1.1 200 OK"
2026-06-08 06:29:15,086 - httpx - INFO - HTTP Request: POST https://api.telegram.org/bot8853331928:AAHvyA3cq722aAJpK6-q6Ei_x7-L6CclChc/getUpdates "HTTP/1.1 200 OK"
2026-06-08 06:29:15,722 - httpx - INFO - HTTP Request: POST https://api.telegram.org/bot8853331928:AAHvyA3cq722aAJpK6-q6Ei_x7-L6CclChc/sendMessage "HTTP/1.1 200 OK"
2026-06-08 06:29:24,873 - httpx - INFO - HTTP Request: POST https://api.telegram.org/bot8853331928:AAHvyA3cq722aAJpK6-q6Ei_x7-L6CclChc/editMessageText "HTTP/1.1 200 OK"
2026-06-08 06:29:25,314 - httpx - INFO - HTTP Request: POST https://api.telegram.org/bot8853331928:AAHvyA3cq722aAJpK6-q6Ei_x7-L6CclChc/getUpdates "HTTP/1.1 200 OK"
2026-06-08 06:29:35,503 - httpx - INFO - HTTP Request: POST https://api.telegram.org/bot8853331928:AAHvyA3cq722aAJpK6-q6Ei_x7-L6CclChc/getUpdates "HTTP/1.1 200 OK"
2026-06-08 06:29:45,692 - httpx - INFO - HTTP Request: POST https://api.telegram.org/bot8853331928:AAHvyA3cq722aAJpK6-q6Ei_x7-L6CclChc/getUpdates "HTTP/1.1 200 OK"
2026-06-08 06:29:55,879 - httpx - INFO - HTTP Request: POST https://api.telegram.org/bot8853331928:AAHvyA3cq722aAJpK6-q6Ei_x7-L6CclChc/getUpdates "HTTP/1.1 200 OK"
2026-06-08 06:30:06,068 - httpx - INFO - HTTP Request: POST https://api.telegram.org/bot8853331928:AAHvyA3cq722aAJpK6-q6Ei_x7-L6CclChc/getUpdates "HTTP/1.1 200 OK"
2026-06-08 06:30:16,256 - httpx - INFO - HTTP Request: POST https://api.telegram.org/bot8853331928:AAHvyA3cq722aAJpK6-q6Ei_x7-L6CclChc/getUpdates "HTTP/1.1 200 OK"
2026-06-08 06:30:19,482 - httpx - INFO - HTTP Request: POST https://api.telegram.org/bot8853331928:AAHvyA3cq722aAJpK6-q6Ei_x7-L6CclChc/getUpdates "HTTP/1.1 200 OK"
2026-06-08 06:30:20,148 - httpx - INFO - HTTP Request: POST https://api.telegram.org/bot8853331928:AAHvyA3cq722aAJpK6-q6Ei_x7-L6CclChc/sendMessage "HTTP/1.1 200 OK"
2026-06-08 06:30:29,718 - httpx - INFO - HTTP Request: POST https://api.telegram.org/bot8853331928:AAHvyA3cq722aAJpK6-q6Ei_x7-L6CclChc/getUpdates "HTTP/1.1 200 OK"
2026-06-08 06:30:39,906 - httpx - INFO - HTTP Request: POST https://api.telegram.org/bot8853331928:AAHvyA3cq722aAJpK6-q6Ei_x7-L6CclChc/getUpdates "HTTP/1.1 200 OK"
2026-06-08 06:30:50,093 - httpx - INFO - HTTP Request: POST https://api.telegram.org/bot8853331928:AAHvyA3cq722aAJpK6-q6Ei_x7-L6CclChc/getUpdates "HTTP/1.1 200 OK"
2026-06-08 06:31:00,281 - httpx - INFO - HTTP Request: POST https://api.telegram.org/bot8853331928:AAHvyA3cq722aAJpK6-q6Ei_x7-L6CclChc/getUpdates "HTTP/1.1 200 OK"
2026-06-08 06:31:10,470 - httpx - INFO - HTTP Request: POST https://api.telegram.org/bot8853331928:AAHvyA3cq722aAJpK6-q6Ei_x7-L6CclChc/getUpdates "HTTP/1.1 200 OK"
2026-06-08 06:31:20,658 - httpx - INFO - HTTP Request: POST https://api.telegram.org/bot8853331928:AAHvyA3cq722aAJpK6-q6Ei_x7-L6CclChc/getUpdates "HTTP/1.1 200 OK"
2026-06-08 06:31:30,845 - httpx - INFO - HTTP Request: POST https://api.telegram.org/bot8853331928:AAHvyA3cq722aAJpK6-q6Ei_x7-L6CclChc/getUpdates "HTTP/1.1 200 OK"
2026-06-08 06:31:41,033 - httpx - INFO - HTTP Request: POST https://api.telegram.org/bot8853331928:AAHvyA3cq722aAJpK6-q6Ei_x7-L6CclChc/getUpdates "HTTP/1.1 200 OK"
2026-06-08 06:31:51,222 - httpx - INFO - HTTP Request: POST https://api.telegram.org/bot8853331928:AAHvyA3cq722aAJpK6-q6Ei_x7-L6CclChc/getUpdates "HTTP/1.1 200 OK"
2026-06-08 06:32:01,410 - httpx - INFO - HTTP Request: POST https://api.telegram.org/bot8853331928:AAHvyA3cq722aAJpK6-q6Ei_x7-L6CclChc/getUpdates "HTTP/1.1 200 OK"
2026-06-08 06:32:11,599 - httpx - INFO - HTTP Request: POST https://api.telegram.org/bot8853331928:AAHvyA3cq722aAJpK6-q6Ei_x7-L6CclChc/getUpdates "HTTP/1.1 200 OK"
2026-06-08 06:32:21,788 - httpx - INFO - HTTP Request: POST https://api.telegram.org/bot8853331928:AAHvyA3cq722aAJpK6-q6Ei_x7-L6CclChc/getUpdates "HTTP/1.1 200 OK"
2026-06-08 06:32:31,975 - httpx - INFO - HTTP Request: POST https://api.telegram.org/bot8853331928:AAHvyA3cq722aAJpK6-q6Ei_x7-L6CclChc/getUpdates "HTTP/1.1 200 OK"
2026-06-08 06:32:42,164 - httpx - INFO - HTTP Request: POST https://api.telegram.org/bot8853331928:AAHvyA3cq722aAJpK6-q6Ei_x7-L6CclChc/getUpdates "HTTP/1.1 200 OK"
2026-06-08 06:32:52,352 - httpx - INFO - HTTP Request: POST https://api.telegram.org/bot8853331928:AAHvyA3cq722aAJpK6-q6Ei_x7-L6CclChc/getUpdates "HTTP/1.1 200 OK"
2026-06-08 06:33:02,540 - httpx - INFO - HTTP Request: POST https://api.telegram.org/bot8853331928:AAHvyA3cq722aAJpK6-q6Ei_x7-L6CclChc/getUpdates "HTTP/1.1 200 OK"
2026-06-08 06:33:12,727 - httpx - INFO - HTTP Request: POST https://api.telegram.org/bot8853331928:AAHvyA3cq722aAJpK6-q6Ei_x7-L6CclChc/getUpdates "HTTP/1.1 200 OK"
2026-06-08 06:33:22,914 - httpx - INFO - HTTP Request: POST https://api.telegram.org/bot8853331928:AAHvyA3cq722aAJpK6-q6Ei_x7-L6CclChc/getUpdates "HTTP/1.1 200 OK"
2026-06-08 06:33:33,102 - httpx - INFO - HTTP Request: POST https://api.telegram.org/bot8853331928:AAHvyA3cq722aAJpK6-q6Ei_x7-L6CclChc/getUpdates "HTTP/1.1 200 OK"
2026-06-08 06:33:43,290 - httpx - INFO - HTTP Request: POST https://api.telegram.org/bot8853331928:AAHvyA3cq722aAJpK6-q6Ei_x7-L6CclChc/getUpdates "HTTP/1.1 200 OK"
2026-06-08 06:33:53,479 - httpx - INFO - HTTP Request: POST https://api.telegram.org/bot8853331928:AAHvyA3cq722aAJpK6-q6Ei_x7-L6CclChc/getUpdates "HTTP/1.1 200 OK"
2026-06-08 06:34:03,668 - httpx - INFO - HTTP Request: POST https://api.telegram.org/bot8853331928:AAHvyA3cq722aAJpK6-q6Ei_x7-L6CclChc/getUpdates "HTTP/1.1 200 OK"
2026-06-08 06:34:13,855 - httpx - INFO - HTTP Request: POST https://api.telegram.org/bot8853331928:AAHvyA3cq722aAJpK6-q6Ei_x7-L6CclChc/getUpdates "HTTP/1.1 200 OK"
2026-06-08 06:34:24,042 - httpx - INFO - HTTP Request: POST https://api.telegram.org/bot8853331928:AAHvyA3cq722aAJpK6-q6Ei_x7-L6CclChc/getUpdates "HTTP/1.1 200 OK"
2026-06-08 06:34:34,232 - httpx - INFO - HTTP Request: POST https://api.telegram.org/bot8853331928:AAHvyA3cq722aAJpK6-q6Ei_x7-L6CclChc/getUpdates "HTTP/1.1 200 OK"
2026-06-08 06:34:44,419 - httpx - INFO - HTTP Request: POST https://api.telegram.org/bot8853331928:AAHvyA3cq722aAJpK6-q6Ei_x7-L6CclChc/getUpdates "HTTP/1.1 200 OK"
2026-06-08 06:34:54,608 - httpx - INFO - HTTP Request: POST https://api.telegram.org/bot8853331928:AAHvyA3cq722aAJpK6-q6Ei_x7-L6CclChc/getUpdates "HTTP/1.1 200 OK"
2026-06-08 06:35:04,796 - httpx - INFO - HTTP Request: POST https://api.telegram.org/bot8853331928:AAHvyA3cq722aAJpK6-q6Ei_x7-L6CclChc/getUpdates "HTTP/1.1 200 OK"
2026-06-08 06:35:14,983 - httpx - INFO - HTTP Request: POST https://api.telegram.org/bot8853331928:AAHvyA3cq722aAJpK6-q6Ei_x7-L6CclChc/getUpdates "HTTP/1.1 200 OK"
2026-06-08 06:35:25,173 - httpx - INFO - HTTP Request: POST https://api.telegram.org/bot8853331928:AAHvyA3cq722aAJpK6-q6Ei_x7-L6CclChc/getUpdates "HTTP/1.1 200 OK"
2026-06-08 06:35:35,360 - httpx - INFO - HTTP Request: POST https://api.telegram.org/bot8853331928:AAHvyA3cq722aAJpK6-q6Ei_x7-L6CclChc/getUpdates "HTTP/1.1 200 OK"
2026-06-08 06:35:45,547 - httpx - INFO - HTTP Request: POST https://api.telegram.org/bot8853331928:AAHvyA3cq722aAJpK6-q6Ei_x7-L6CclChc/getUpdates "HTTP/1.1 200 OK"
2026-06-08 06:35:55,734 - httpx - INFO - HTTP Request: POST https://api.telegram.org/bot8853331928:AAHvyA3cq722aAJpK6-q6Ei_x7-L6CclChc/getUpdates "HTTP/1.1 200 OK"
2026-06-08 06:36:05,923 - httpx - INFO - HTTP Request: POST https://api.telegram.org/bot8853331928:AAHvyA3cq722aAJpK6-q6Ei_x7-L6CclChc/getUpdates "HTTP/1.1 200 OK"
2026-06-08 06:36:16,111 - httpx - INFO - HTTP Request: POST https://api.telegram.org/bot8853331928:AAHvyA3cq722aAJpK6-q6Ei_x7-L6CclChc/getUpdates "HTTP/1.1 200 OK"
2026-06-08 06:36:26,298 - httpx - INFO - HTTP Request: POST https://api.telegram.org/bot8853331928:AAHvyA3cq722aAJpK6-q6Ei_x7-L6CclChc/getUpdates "HTTP/1.1 200 OK"
2026-06-08 06:36:36,487 - httpx - INFO - HTTP Request: POST https://api.telegram.org/bot8853331928:AAHvyA3cq722aAJpK6-q6Ei_x7-L6CclChc/getUpdates "HTTP/1.1 200 OK"
2026-06-08 06:36:46,674 - httpx - INFO - HTTP Request: POST https://api.telegram.org/bot8853331928:AAHvyA3cq722aAJpK6-q6Ei_x7-L6CclChc/getUpdates "HTTP/1.1 200 OK"
2026-06-08 06:36:56,862 - httpx - INFO - HTTP Request: POST https://api.telegram.org/bot8853331928:AAHvyA3cq722aAJpK6-q6Ei_x7-L6CclChc/getUpdates "HTTP/1.1 200 OK"
2026-06-08 06:37:07,051 - httpx - INFO - HTTP Request: POST https://api.telegram.org/bot8853331928:AAHvyA3cq722aAJpK6-q6Ei_x7-L6CclChc/getUpdates "HTTP/1.1 200 OK"
2026-06-08 06:37:17,239 - httpx - INFO - HTTP Request: POST https://api.telegram.org/bot8853331928:AAHvyA3cq722aAJpK6-q6Ei_x7-L6CclChc/getUpdates "HTTP/1.1 200 OK"
2026-06-08 06:37:27,428 - httpx - INFO - HTTP Request: POST https://api.telegram.org/bot8853331928:AAHvyA3cq722aAJpK6-q6Ei_x7-L6CclChc/getUpdates "HTTP/1.1 200 OK"
2026-06-08 06:37:37,615 - httpx - INFO - HTTP Request: POST https://api.telegram.org/bot8853331928:AAHvyA3cq722aAJpK6-q6Ei_x7-L6CclChc/getUpdates "HTTP/1.1 200 OK"
2026-06-08 06:37:47,802 - httpx - INFO - HTTP Request: POST https://api.telegram.org/bot8853331928:AAHvyA3cq722aAJpK6-q6Ei_x7-L6CclChc/getUpdates "HTTP/1.1 200 OK"
2026-06-08 06:37:57,989 - httpx - INFO - HTTP Request: POST https://api.telegram.org/bot8853331928:AAHvyA3cq722aAJpK6-q6Ei_x7-L6CclChc/getUpdates "HTTP/1.1 200 OK"
2026-06-08 06:38:08,177 - httpx - INFO - HTTP Request: POST https://api.telegram.org/bot8853331928:AAHvyA3cq722aAJpK6-q6Ei_x7-L6CclChc/getUpdates "HTTP/1.1 200 OK"
2026-06-08 06:38:18,365 - httpx - INFO - HTTP Request: POST https://api.telegram.org/bot8853331928:AAHvyA3cq722aAJpK6-q6Ei_x7-L6CclChc/getUpdates "HTTP/1.1 200 OK"
2026-06-08 06:38:28,553 - httpx - INFO - HTTP Request: POST https://api.telegram.org/bot8853331928:AAHvyA3cq722aAJpK6-q6Ei_x7-L6CclChc/getUpdates "HTTP/1.1 200 OK"
2026-06-08 06:38:38,740 - httpx - INFO - HTTP Request: POST https://api.telegram.org/bot8853331928:AAHvyA3cq722aAJpK6-q6Ei_x7-L6CclChc/getUpdates "HTTP/1.1 200 OK"
2026-06-08 06:38:48,927 - httpx - INFO - HTTP Request: POST https://api.telegram.org/bot8853331928:AAHvyA3cq722aAJpK6-q6Ei_x7-L6CclChc/getUpdates "HTTP/1.1 200 OK"
2026-06-08 06:38:59,115 - httpx - INFO - HTTP Request: POST https://api.telegram.org/bot8853331928:AAHvyA3cq722aAJpK6-q6Ei_x7-L6CclChc/getUpdates "HTTP/1.1 200 OK"
2026-06-08 06:39:09,302 - httpx - INFO - HTTP Request: POST https://api.telegram.org/bot8853331928:AAHvyA3cq722aAJpK6-q6Ei_x7-L6CclChc/getUpdates "HTTP/1.1 200 OK"
2026-06-08 06:39:19,490 - httpx - INFO - HTTP Request: POST https://api.telegram.org/bot8853331928:AAHvyA3cq722aAJpK6-q6Ei_x7-L6CclChc/getUpdates "HTTP/1.1 200 OK"
2026-06-08 06:39:29,679 - httpx - INFO - HTTP Request: POST https://api.telegram.org/bot8853331928:AAHvyA3cq722aAJpK6-q6Ei_x7-L6CclChc/getUpdates "HTTP/1.1 200 OK"
2026-06-08 06:39:39,866 - httpx - INFO - HTTP Request: POST https://api.telegram.org/bot8853331928:AAHvyA3cq722aAJpK6-q6Ei_x7-L6CclChc/getUpdates "HTTP/1.1 200 OK"
2026-06-08 06:39:50,053 - httpx - INFO - HTTP Request: POST https://api.telegram.org/bot8853331928:AAHvyA3cq722aAJpK6-q6Ei_x7-L6CclChc/getUpdates "HTTP/1.1 200 OK"
2026-06-08 06:40:00,241 - httpx - INFO - HTTP Request: POST https://api.telegram.org/bot8853331928:AAHvyA3cq722aAJpK6-q6Ei_x7-L6CclChc/getUpdates "HTTP/1.1 200 OK"
2026-06-08 06:40:10,428 - httpx - INFO - HTTP Request: POST https://api.telegram.org/bot8853331928:AAHvyA3cq722aAJpK6-q6Ei_x7-L6CclChc/getUpdates "HTTP/1.1 200 OK"
2026-06-08 06:40:20,615 - httpx - INFO - HTTP Request: POST https://api.telegram.org/bot8853331928:AAHvyA3cq722aAJpK6-q6Ei_x7-L6CclChc/getUpdates "HTTP/1.1 200 OK"
2026-06-08 06:40:30,804 - httpx - INFO - HTTP Request: POST https://api.telegram.org/bot8853331928:AAHvyA3cq722aAJpK6-q6Ei_x7-L6CclChc/getUpdates "HTTP/1.1 200 OK"
2026-06-08 06:40:40,992 - httpx - INFO - HTTP Request: POST https://api.telegram.org/bot8853331928:AAHvyA3cq722aAJpK6-q6Ei_x7-L6CclChc/getUpdates "HTTP/1.1 200 OK"
2026-06-08 06:40:51,181 - httpx - INFO - HTTP Request: POST https://api.telegram.org/bot8853331928:AAHvyA3cq722aAJpK6-q6Ei_x7-L6CclChc/getUpdates "HTTP/1.1 200 OK"
2026-06-08 06:41:01,368 - httpx - INFO - HTTP Request: POST https://api.telegram.org/bot8853331928:AAHvyA3cq722aAJpK6-q6Ei_x7-L6CclChc/getUpdates "HTTP/1.1 200 OK"
2026-06-08 06:41:11,556 - httpx - INFO - HTTP Request: POST https://api.telegram.org/bot8853331928:AAHvyA3cq722aAJpK6-q6Ei_x7-L6CclChc/getUpdates "HTTP/1.1 200 OK"
2026-06-08 06:41:21,744 - httpx - INFO - HTTP Request: POST https://api.telegram.org/bot8853331928:AAHvyA3cq722aAJpK6-q6Ei_x7-L6CclChc/getUpdates "HTTP/1.1 200 OK"
2026-06-08 06:41:31,932 - httpx - INFO - HTTP Request: POST https://api.telegram.org/bot8853331928:AAHvyA3cq722aAJpK6-q6Ei_x7-L6CclChc/getUpdates "HTTP/1.1 200 OK"
2026-06-08 06:41:42,120 - httpx - INFO - HTTP Request: POST https://api.telegram.org/bot8853331928:AAHvyA3cq722aAJpK6-q6Ei_x7-L6CclChc/getUpdates "HTTP/1.1 200 OK"
2026-06-08 06:41:52,308 - httpx - INFO - HTTP Request: POST https://api.telegram.org/bot8853331928:AAHvyA3cq722aAJpK6-q6Ei_x7-L6CclChc/getUpdates "HTTP/1.1 200 OK"
2026-06-08 06:42:02,497 - httpx - INFO - HTTP Request: POST https://api.telegram.org/bot8853331928:AAHvyA3cq722aAJpK6-q6Ei_x7-L6CclChc/getUpdates "HTTP/1.1 200 OK"
2026-06-08 06:42:12,685 - httpx - INFO - HTTP Request: POST https://api.telegram.org/bot8853331928:AAHvyA3cq722aAJpK6-q6Ei_x7-L6CclChc/getUpdates "HTTP/1.1 200 OK"
2026-06-08 06:42:22,874 - httpx - INFO - HTTP Request: POST https://api.telegram.org/bot8853331928:AAHvyA3cq722aAJpK6-q6Ei_x7-L6CclChc/getUpdates "HTTP/1.1 200 OK"
2026-06-08 06:42:33,062 - httpx - INFO - HTTP Request: POST https://api.telegram.org/bot8853331928:AAHvyA3cq722aAJpK6-q6Ei_x7-L6CclChc/getUpdates "HTTP/1.1 200 OK"
2026-06-08 06:42:43,249 - httpx - INFO - HTTP Request: POST https://api.telegram.org/bot8853331928:AAHvyA3cq722aAJpK6-q6Ei_x7-L6CclChc/getUpdates "HTTP/1.1 200 OK"
2026-06-08 06:42:53,436 - httpx - INFO - HTTP Request: POST https://api.telegram.org/bot8853331928:AAHvyA3cq722aAJpK6-q6Ei_x7-L6CclChc/getUpdates "HTTP/1.1 200 OK"
2026-06-08 06:43:03,625 - httpx - INFO - HTTP Request: POST https://api.telegram.org/bot8853331928:AAHvyA3cq722aAJpK6-q6Ei_x7-L6CclChc/getUpdates "HTTP/1.1 200 OK"
2026-06-08 06:43:13,813 - httpx - INFO - HTTP Request: POST https://api.telegram.org/bot8853331928:AAHvyA3cq722aAJpK6-q6Ei_x7-L6CclChc/getUpdates "HTTP/1.1 200 OK"
2026-06-08 06:43:24,000 - httpx - INFO - HTTP Request: POST https://api.telegram.org/bot8853331928:AAHvyA3cq722aAJpK6-q6Ei_x7-L6CclChc/getUpdates "HTTP/1.1 200 OK"
2026-06-08 06:43:34,187 - httpx - INFO - HTTP Request: POST https://api.telegram.org/bot8853331928:AAHvyA3cq722aAJpK6-q6Ei_x7-L6CclChc/getUpdates "HTTP/1.1 200 OK"
2026-06-08 06:43:44,375 - httpx - INFO - HTTP Request: POST https://api.telegram.org/bot8853331928:AAHvyA3cq722aAJpK6-q6Ei_x7-L6CclChc/getUpdates "HTTP/1.1 200 OK"
2026-06-08 06:43:54,563 - httpx - INFO - HTTP Request: POST https://api.telegram.org/bot8853331928:AAHvyA3cq722aAJpK6-q6Ei_x7-L6CclChc/getUpdates "HTTP/1.1 200 OK"
2026-06-08 06:44:04,749 - httpx - INFO - HTTP Request: POST https://api.telegram.org/bot8853331928:AAHvyA3cq722aAJpK6-q6Ei_x7-L6CclChc/getUpdates "HTTP/1.1 200 OK"
2026-06-08 06:44:14,936 - httpx - INFO - HTTP Request: POST https://api.telegram.org/bot8853331928:AAHvyA3cq722aAJpK6-q6Ei_x7-L6CclChc/getUpdates "HTTP/1.1 200 OK"
2026-06-08 06:44:25,124 - httpx - INFO - HTTP Request: POST https://api.telegram.org/bot8853331928:AAHvyA3cq722aAJpK6-q6Ei_x7-L6CclChc/getUpdates "HTTP/1.1 200 OK"
2026-06-08 06:44:35,310 - httpx - INFO - HTTP Request: POST https://api.telegram.org/bot8853331928:AAHvyA3cq722aAJpK6-q6Ei_x7-L6CclChc/getUpdates "HTTP/1.1 200 OK"
2026-06-08 06:44:45,497 - httpx - INFO - HTTP Request: POST https://api.telegram.org/bot8853331928:AAHvyA3cq722aAJpK6-q6Ei_x7-L6CclChc/getUpdates "HTTP/1.1 200 OK"
2026-06-08 06:44:55,685 - httpx - INFO - HTTP Request: POST https://api.telegram.org/bot8853331928:AAHvyA3cq722aAJpK6-q6Ei_x7-L6CclChc/getUpdates "HTTP/1.1 200 OK"
2026-06-08 06:45:05,873 - httpx - INFO - HTTP Request: POST https://api.telegram.org/bot8853331928:AAHvyA3cq722aAJpK6-q6Ei_x7-L6CclChc/getUpdates "HTTP/1.1 200 OK"
2026-06-08 06:45:16,062 - httpx - INFO - HTTP Request: POST https://api.telegram.org/bot8853331928:AAHvyA3cq722aAJpK6-q6Ei_x7-L6CclChc/getUpdates "HTTP/1.1 200 OK"
2026-06-08 06:45:26,250 - httpx - INFO - HTTP Request: POST https://api.telegram.org/bot8853331928:AAHvyA3cq722aAJpK6-q6Ei_x7-L6CclChc/getUpdates "HTTP/1.1 200 OK"
2026-06-08 06:45:36,439 - httpx - INFO - HTTP Request: POST https://api.telegram.org/bot8853331928:AAHvyA3cq722aAJpK6-q6Ei_x7-L6CclChc/getUpdates "HTTP/1.1 200 OK"
2026-06-08 06:45:46,626 - httpx - INFO - HTTP Request: POST https://api.telegram.org/bot8853331928:AAHvyA3cq722aAJpK6-q6Ei_x7-L6CclChc/getUpdates "HTTP/1.1 200 OK"
2026-06-08 06:45:56,812 - httpx - INFO - HTTP Request: POST https://api.telegram.org/bot8853331928:AAHvyA3cq722aAJpK6-q6Ei_x7-L6CclChc/getUpdates "HTTP/1.1 200 OK"
2026-06-08 06:46:07,000 - httpx - INFO - HTTP Request: POST https://api.telegram.org/bot8853331928:AAHvyA3cq722aAJpK6-q6Ei_x7-L6CclChc/getUpdates "HTTP/1.1 200 OK"
2026-06-08 06:46:17,187 - httpx - INFO - HTTP Request: POST https://api.telegram.org/bot8853331928:AAHvyA3cq722aAJpK6-q6Ei_x7-L6CclChc/getUpdates "HTTP/1.1 200 OK"
2026-06-08 06:46:27,376 - httpx - INFO - HTTP Request: POST https://api.telegram.org/bot8853331928:AAHvyA3cq722aAJpK6-q6Ei_x7-L6CclChc/getUpdates "HTTP/1.1 200 OK"
2026-06-08 06:46:37,562 - httpx - INFO - HTTP Request: POST https://api.telegram.org/bot8853331928:AAHvyA3cq722aAJpK6-q6Ei_x7-L6CclChc/getUpdates "HTTP/1.1 200 OK"
2026-06-08 06:46:47,751 - httpx - INFO - HTTP Request: POST https://api.telegram.org/bot8853331928:AAHvyA3cq722aAJpK6-q6Ei_x7-L6CclChc/getUpdates "HTTP/1.1 200 OK"
2026-06-08 06:46:57,937 - httpx - INFO - HTTP Request: POST https://api.telegram.org/bot8853331928:AAHvyA3cq722aAJpK6-q6Ei_x7-L6CclChc/getUpdates "HTTP/1.1 200 OK"
2026-06-08 06:47:08,125 - httpx - INFO - HTTP Request: POST https://api.telegram.org/bot8853331928:AAHvyA3cq722aAJpK6-q6Ei_x7-L6CclChc/getUpdates "HTTP/1.1 200 OK"
2026-06-08 06:47:18,311 - httpx - INFO - HTTP Request: POST https://api.telegram.org/bot8853331928:AAHvyA3cq722aAJpK6-q6Ei_x7-L6CclChc/getUpdates "HTTP/1.1 200 OK"
2026-06-08 06:47:28,499 - httpx - INFO - HTTP Request: POST https://api.telegram.org/bot8853331928:AAHvyA3cq722aAJpK6-q6Ei_x7-L6CclChc/getUpdates "HTTP/1.1 200 OK"
2026-06-08 06:47:38,687 - httpx - INFO - HTTP Request: POST https://api.telegram.org/bot8853331928:AAHvyA3cq722aAJpK6-q6Ei_x7-L6CclChc/getUpdates "HTTP/1.1 200 OK"
2026-06-08 06:47:48,874 - httpx - INFO - HTTP Request: POST https://api.telegram.org/bot8853331928:AAHvyA3cq722aAJpK6-q6Ei_x7-L6CclChc/getUpdates "HTTP/1.1 200 OK"
2026-06-08 06:47:59,064 - httpx - INFO - HTTP Request: POST https://api.telegram.org/bot8853331928:AAHvyA3cq722aAJpK6-q6Ei_x7-L6CclChc/getUpdates "HTTP/1.1 200 OK"
2026-06-08 06:48:09,252 - httpx - INFO - HTTP Request: POST https://api.telegram.org/bot8853331928:AAHvyA3cq722aAJpK6-q6Ei_x7-L6CclChc/getUpdates "HTTP/1.1 200 OK"
2026-06-08 06:48:19,440 - httpx - INFO - HTTP Request: POST https://api.telegram.org/bot8853331928:AAHvyA3cq722aAJpK6-q6Ei_x7-L6CclChc/getUpdates "HTTP/1.1 200 OK"
2026-06-08 06:48:29,627 - httpx - INFO - HTTP Request: POST https://api.telegram.org/bot8853331928:AAHvyA3cq722aAJpK6-q6Ei_x7-L6CclChc/getUpdates "HTTP/1.1 200 OK"
2026-06-08 06:48:39,816 - httpx - INFO - HTTP Request: POST https://api.telegram.org/bot8853331928:AAHvyA3cq722aAJpK6-q6Ei_x7-L6CclChc/getUpdates "HTTP/1.1 200 OK"
2026-06-08 06:48:50,003 - httpx - INFO - HTTP Request: POST https://api.telegram.org/bot8853331928:AAHvyA3cq722aAJpK6-q6Ei_x7-L6CclChc/getUpdates "HTTP/1.1 200 OK"
2026-06-08 06:49:00,190 - httpx - INFO - HTTP Request: POST https://api.telegram.org/bot8853331928:AAHvyA3cq722aAJpK6-q6Ei_x7-L6CclChc/getUpdates "HTTP/1.1 200 OK"
2026-06-08 06:49:10,377 - httpx - INFO - HTTP Request: POST https://api.telegram.org/bot8853331928:AAHvyA3cq722aAJpK6-q6Ei_x7-L6CclChc/getUpdates "HTTP/1.1 200 OK"
